[INFO] Scanning for projects...
[INFO] 
[INFO] -------------------------< com.ape:ape-admin >--------------------------
[INFO] Building ape-admin 0.0.1-SNAPSHOT
[INFO]   from pom.xml
[INFO] --------------------------------[ jar ]---------------------------------
[INFO] 
[INFO] >>> spring-boot:2.4.2:run (default-cli) > test-compile @ ape-admin >>>
[WARNING] The POM for com.ape:ape-framework:jar:0.0.1-SNAPSHOT is missing, no dependency information available
[INFO] ------------------------------------------------------------------------
[INFO] BUILD FAILURE
[INFO] ------------------------------------------------------------------------
[INFO] Total time:  0.214 s
[INFO] Finished at: 2026-01-27T15:51:06+08:00
[INFO] ------------------------------------------------------------------------
[ERROR] Failed to execute goal on project ape-admin: Could not resolve dependencies for project com.ape:ape-admin:jar:0.0.1-SNAPSHOT
[ERROR] dependency: com.ape:ape-framework:jar:0.0.1-SNAPSHOT (compile)
[ERROR] 	Could not find artifact com.ape:ape-framework:jar:0.0.1-SNAPSHOT
[ERROR] 
[ERROR] -> [Help 1]
[ERROR] 
[ERROR] To see the full stack trace of the errors, re-run Maven with the -e switch.
[ERROR] Re-run Maven using the -X switch to enable full debug logging.
[ERROR] 
[ERROR] For more information about the errors and possible solutions, please read the following articles:
[ERROR] [Help 1] http://cwiki.apache.org/confluence/display/MAVEN/DependencyResolutionException
